#! /usr/local/bin/vvp
:ivl_version "12.0 (stable)";
:ivl_delay_selection "TYPICAL";
:vpi_time_precision - 12;
:vpi_module "/usr/local/lib/ivl/system.vpi";
:vpi_module "/usr/local/lib/ivl/vhdl_sys.vpi";
:vpi_module "/usr/local/lib/ivl/vhdl_textio.vpi";
:vpi_module "/usr/local/lib/ivl/v2005_math.vpi";
:vpi_module "/usr/local/lib/ivl/va_math.vpi";
:vpi_module "/usr/local/lib/ivl/v2009.vpi";
S_0x199ef220 .scope package, "$unit" "$unit" 2 1;
 .timescale 0 0;
S_0x199cc580 .scope module, "fifo_fsm_tb" "fifo_fsm_tb" 3 5;
 .timescale -9 -12;
P_0x199cc710 .param/l "CNT_WIDTH" 0 3 10, +C4<00000000000000000000000000000100>;
P_0x199cc750 .param/l "DATA_WIDTH" 0 3 7, +C4<00000000000000000000000000001000>;
P_0x199cc790 .param/l "DEPTH" 0 3 8, +C4<00000000000000000000000000001000>;
P_0x199cc7d0 .param/l "PTR_WIDTH" 0 3 9, +C4<00000000000000000000000000000011>;
v0x19a25070_0 .var "clk", 0 0;
v0x19a25130_0 .var "data_in", 7 0;
v0x19a25200_0 .net "data_out", 7 0, v0x19a24600_0;  1 drivers
v0x19a25300_0 .net "empty", 0 0, L_0x19a25710;  1 drivers
v0x19a253d0_0 .net "full", 0 0, L_0x19a25850;  1 drivers
v0x19a25470_0 .var "rd_en", 0 0;
v0x19a25540_0 .var "rst", 0 0;
v0x19a25610_0 .var "wr_en", 0 0;
S_0x199faa90 .scope module, "dut" "fifo_fsm" 3 30, 4 2 0, S_0x199cc580;
 .timescale 0 0;
    .port_info 0 /INPUT 1 "clk";
    .port_info 1 /INPUT 1 "rst";
    .port_info 2 /INPUT 1 "wr_en";
    .port_info 3 /INPUT 1 "rd_en";
    .port_info 4 /INPUT 8 "data_in";
    .port_info 5 /OUTPUT 8 "data_out";
    .port_info 6 /OUTPUT 1 "empty";
    .port_info 7 /OUTPUT 1 "full";
P_0x199fac70 .param/l "CNT_WIDTH" 0 4 6, +C4<00000000000000000000000000000100>;
P_0x199facb0 .param/l "DATA_WIDTH" 0 4 3, +C4<00000000000000000000000000001000>;
P_0x199facf0 .param/l "DEPTH" 0 4 4, +C4<00000000000000000000000000001000>;
P_0x199fad30 .param/l "EMPTY" 1 4 25, C4<00>;
P_0x199fad70 .param/l "FULL" 1 4 27, C4<10>;
P_0x199fadb0 .param/l "PARTIAL" 1 4 26, C4<01>;
P_0x199fadf0 .param/l "PTR_WIDTH" 0 4 5, +C4<00000000000000000000000000000011>;
L_0x7fa15893e018 .functor BUFT 1, C4<00>, C4<0>, C4<0>, C4<0>;
v0x199fb000_0 .net/2u *"_ivl_0", 1 0, L_0x7fa15893e018;  1 drivers
L_0x7fa15893e060 .functor BUFT 1, C4<10>, C4<0>, C4<0>, C4<0>;
v0x19a24240_0 .net/2u *"_ivl_4", 1 0, L_0x7fa15893e060;  1 drivers
v0x19a24320_0 .net "clk", 0 0, v0x19a25070_0;  1 drivers
v0x19a243f0_0 .var "count", 3 0;
v0x19a244d0_0 .net "data_in", 7 0, v0x19a25130_0;  1 drivers
v0x19a24600_0 .var "data_out", 7 0;
v0x19a246e0_0 .net "empty", 0 0, L_0x19a25710;  alias, 1 drivers
v0x19a247a0_0 .net "full", 0 0, L_0x19a25850;  alias, 1 drivers
v0x19a24860 .array "mem", 7 0, 7 0;
v0x19a249b0_0 .var "next_state", 1 0;
v0x19a24a90_0 .net "rd_en", 0 0, v0x19a25470_0;  1 drivers
v0x19a24b50_0 .var "rd_ptr", 2 0;
v0x19a24c30_0 .net "rst", 0 0, v0x19a25540_0;  1 drivers
v0x19a24cf0_0 .var "state", 1 0;
v0x19a24dd0_0 .net "wr_en", 0 0, v0x19a25610_0;  1 drivers
v0x19a24e90_0 .var "wr_ptr", 2 0;
E_0x199fd070 .event posedge, v0x19a24320_0;
E_0x199f3030 .event anyedge, v0x19a24cf0_0, v0x19a24dd0_0, v0x19a24a90_0, v0x19a243f0_0;
L_0x19a25710 .cmp/eq 2, v0x19a24cf0_0, L_0x7fa15893e018;
L_0x19a25850 .cmp/eq 2, v0x19a24cf0_0, L_0x7fa15893e060;
    .scope S_0x199faa90;
T_0 ;
    %wait E_0x199f3030;
    %load/vec4 v0x19a24cf0_0;
    %store/vec4 v0x19a249b0_0, 0, 2;
    %load/vec4 v0x19a24cf0_0;
    %dup/vec4;
    %pushi/vec4 0, 0, 2;
    %cmp/u;
    %jmp/1 T_0.0, 6;
    %dup/vec4;
    %pushi/vec4 1, 0, 2;
    %cmp/u;
    %jmp/1 T_0.1, 6;
    %dup/vec4;
    %pushi/vec4 2, 0, 2;
    %cmp/u;
    %jmp/1 T_0.2, 6;
    %pushi/vec4 0, 0, 2;
    %store/vec4 v0x19a249b0_0, 0, 2;
    %jmp T_0.4;
T_0.0 ;
    %load/vec4 v0x19a24dd0_0;
    %flag_set/vec4 9;
    %flag_get/vec4 9;
    %jmp/0 T_0.7, 9;
    %load/vec4 v0x19a24a90_0;
    %nor/r;
    %and;
T_0.7;
    %flag_set/vec4 8;
    %jmp/0xz  T_0.5, 8;
    %pushi/vec4 1, 0, 2;
    %store/vec4 v0x19a249b0_0, 0, 2;
    %jmp T_0.6;
T_0.5 ;
    %load/vec4 v0x19a24dd0_0;
    %flag_set/vec4 9;
    %flag_get/vec4 9;
    %jmp/0 T_0.10, 9;
    %load/vec4 v0x19a24a90_0;
    %and;
T_0.10;
    %flag_set/vec4 8;
    %jmp/0xz  T_0.8, 8;
    %pushi/vec4 1, 0, 2;
    %store/vec4 v0x19a249b0_0, 0, 2;
    %jmp T_0.9;
T_0.8 ;
    %pushi/vec4 0, 0, 2;
    %store/vec4 v0x19a249b0_0, 0, 2;
T_0.9 ;
T_0.6 ;
    %jmp T_0.4;
T_0.1 ;
    %load/vec4 v0x19a24dd0_0;
    %flag_set/vec4 9;
    %flag_get/vec4 9;
    %jmp/0 T_0.13, 9;
    %load/vec4 v0x19a24a90_0;
    %nor/r;
    %and;
T_0.13;
    %flag_set/vec4 8;
    %jmp/0xz  T_0.11, 8;
    %load/vec4 v0x19a243f0_0;
    %pad/u 32;
    %cmpi/e 7, 0, 32;
    %jmp/0xz  T_0.14, 4;
    %pushi/vec4 2, 0, 2;
    %store/vec4 v0x19a249b0_0, 0, 2;
    %jmp T_0.15;
T_0.14 ;
    %pushi/vec4 1, 0, 2;
    %store/vec4 v0x19a249b0_0, 0, 2;
T_0.15 ;
    %jmp T_0.12;
T_0.11 ;
    %load/vec4 v0x19a24a90_0;
    %flag_set/vec4 9;
    %flag_get/vec4 9;
    %jmp/0 T_0.18, 9;
    %load/vec4 v0x19a24dd0_0;
    %nor/r;
    %and;
T_0.18;
    %flag_set/vec4 8;
    %jmp/0xz  T_0.16, 8;
    %load/vec4 v0x19a243f0_0;
    %pad/u 32;
    %cmpi/e 1, 0, 32;
    %jmp/0xz  T_0.19, 4;
    %pushi/vec4 0, 0, 2;
    %store/vec4 v0x19a249b0_0, 0, 2;
    %jmp T_0.20;
T_0.19 ;
    %pushi/vec4 1, 0, 2;
    %store/vec4 v0x19a249b0_0, 0, 2;
T_0.20 ;
    %jmp T_0.17;
T_0.16 ;
    %pushi/vec4 1, 0, 2;
    %store/vec4 v0x19a249b0_0, 0, 2;
T_0.17 ;
T_0.12 ;
    %jmp T_0.4;
T_0.2 ;
    %load/vec4 v0x19a24a90_0;
    %flag_set/vec4 8;
    %jmp/0xz  T_0.21, 8;
    %pushi/vec4 1, 0, 2;
    %store/vec4 v0x19a249b0_0, 0, 2;
    %jmp T_0.22;
T_0.21 ;
    %pushi/vec4 2, 0, 2;
    %store/vec4 v0x19a249b0_0, 0, 2;
T_0.22 ;
    %jmp T_0.4;
T_0.4 ;
    %pop/vec4 1;
    %jmp T_0;
    .thread T_0, $push;
    .scope S_0x199faa90;
T_1 ;
    %wait E_0x199fd070;
    %load/vec4 v0x19a24c30_0;
    %flag_set/vec4 8;
    %jmp/0xz  T_1.0, 8;
    %pushi/vec4 0, 0, 2;
    %assign/vec4 v0x19a24cf0_0, 0;
    %pushi/vec4 0, 0, 3;
    %assign/vec4 v0x19a24e90_0, 0;
    %pushi/vec4 0, 0, 3;
    %assign/vec4 v0x19a24b50_0, 0;
    %pushi/vec4 0, 0, 4;
    %assign/vec4 v0x19a243f0_0, 0;
    %pushi/vec4 0, 0, 8;
    %assign/vec4 v0x19a24600_0, 0;
    %jmp T_1.1;
T_1.0 ;
    %load/vec4 v0x19a249b0_0;
    %assign/vec4 v0x19a24cf0_0, 0;
    %load/vec4 v0x19a24dd0_0;
    %flag_set/vec4 9;
    %flag_get/vec4 9;
    %jmp/0 T_1.4, 9;
    %load/vec4 v0x19a247a0_0;
    %nor/r;
    %and;
T_1.4;
    %flag_set/vec4 8;
    %jmp/0xz  T_1.2, 8;
    %load/vec4 v0x19a244d0_0;
    %load/vec4 v0x19a24e90_0;
    %pad/u 5;
    %ix/vec4 3;
    %ix/load 4, 0, 0; Constant delay
    %assign/vec4/a/d v0x19a24860, 0, 4;
    %load/vec4 v0x19a24e90_0;
    %addi 1, 0, 3;
    %assign/vec4 v0x19a24e90_0, 0;
T_1.2 ;
    %load/vec4 v0x19a24a90_0;
    %flag_set/vec4 9;
    %flag_get/vec4 9;
    %jmp/0 T_1.7, 9;
    %load/vec4 v0x19a246e0_0;
    %nor/r;
    %and;
T_1.7;
    %flag_set/vec4 8;
    %jmp/0xz  T_1.5, 8;
    %load/vec4 v0x19a24b50_0;
    %pad/u 5;
    %ix/vec4 4;
    %load/vec4a v0x19a24860, 4;
    %assign/vec4 v0x19a24600_0, 0;
    %load/vec4 v0x19a24b50_0;
    %addi 1, 0, 3;
    %assign/vec4 v0x19a24b50_0, 0;
T_1.5 ;
    %load/vec4 v0x19a24dd0_0;
    %flag_set/vec4 8;
    %flag_get/vec4 8;
    %jmp/0 T_1.13, 8;
    %load/vec4 v0x19a247a0_0;
    %nor/r;
    %and;
T_1.13;
    %load/vec4 v0x19a24a90_0;
    %flag_set/vec4 8;
    %flag_get/vec4 8;
    %jmp/0 T_1.14, 8;
    %load/vec4 v0x19a246e0_0;
    %nor/r;
    %and;
T_1.14;
    %concat/vec4; draw_concat_vec4
    %dup/vec4;
    %pushi/vec4 2, 0, 2;
    %cmp/u;
    %jmp/1 T_1.8, 6;
    %dup/vec4;
    %pushi/vec4 1, 0, 2;
    %cmp/u;
    %jmp/1 T_1.9, 6;
    %dup/vec4;
    %pushi/vec4 3, 0, 2;
    %cmp/u;
    %jmp/1 T_1.10, 6;
    %load/vec4 v0x19a243f0_0;
    %assign/vec4 v0x19a243f0_0, 0;
    %jmp T_1.12;
T_1.8 ;
    %load/vec4 v0x19a243f0_0;
    %addi 1, 0, 4;
    %assign/vec4 v0x19a243f0_0, 0;
    %jmp T_1.12;
T_1.9 ;
    %load/vec4 v0x19a243f0_0;
    %subi 1, 0, 4;
    %assign/vec4 v0x19a243f0_0, 0;
    %jmp T_1.12;
T_1.10 ;
    %load/vec4 v0x19a243f0_0;
    %assign/vec4 v0x19a243f0_0, 0;
    %jmp T_1.12;
T_1.12 ;
    %pop/vec4 1;
T_1.1 ;
    %jmp T_1;
    .thread T_1;
    .scope S_0x199cc580;
T_2 ;
    %delay 5000, 0;
    %load/vec4 v0x19a25070_0;
    %inv;
    %store/vec4 v0x19a25070_0, 0, 1;
    %jmp T_2;
    .thread T_2;
    .scope S_0x199cc580;
T_3 ;
    %pushi/vec4 0, 0, 1;
    %store/vec4 v0x19a25070_0, 0, 1;
    %pushi/vec4 1, 0, 1;
    %store/vec4 v0x19a25540_0, 0, 1;
    %pushi/vec4 0, 0, 1;
    %store/vec4 v0x19a25610_0, 0, 1;
    %pushi/vec4 0, 0, 1;
    %store/vec4 v0x19a25470_0, 0, 1;
    %pushi/vec4 0, 0, 8;
    %store/vec4 v0x19a25130_0, 0, 8;
    %delay 12000, 0;
    %pushi/vec4 0, 0, 1;
    %store/vec4 v0x19a25540_0, 0, 1;
    %delay 10000, 0;
    %vpi_call/w 3 71 "$display", "TC1: Check EMPTY" {0 0 0};
    %load/vec4 v0x19a25300_0;
    %pad/u 32;
    %cmpi/e 1, 0, 32;
    %flag_get/vec4 4;
    %jmp/0 T_3.2, 4;
    %load/vec4 v0x19a253d0_0;
    %pad/u 32;
    %pushi/vec4 0, 0, 32;
    %cmp/e;
    %flag_get/vec4 4;
    %and;
T_3.2;
    %flag_set/vec4 8;
    %jmp/0xz  T_3.0, 8;
    %vpi_call/w 3 74 "$display", "PASS: FIFO is EMPTY" {0 0 0};
    %jmp T_3.1;
T_3.0 ;
    %vpi_call/w 3 76 "$display", "FAIL: FIFO is not EMPTY" {0 0 0};
T_3.1 ;
    %vpi_call/w 3 83 "$display", "TC2: Write 10" {0 0 0};
    %pushi/vec4 1, 0, 1;
    %store/vec4 v0x19a25610_0, 0, 1;
    %pushi/vec4 10, 0, 8;
    %store/vec4 v0x19a25130_0, 0, 8;
    %delay 10000, 0;
    %pushi/vec4 0, 0, 1;
    %store/vec4 v0x19a25610_0, 0, 1;
    %load/vec4 v0x19a25300_0;
    %pad/u 32;
    %cmpi/e 0, 0, 32;
    %jmp/0xz  T_3.3, 4;
    %vpi_call/w 3 93 "$display", "PASS: FIFO is no longer EMPTY" {0 0 0};
    %jmp T_3.4;
T_3.3 ;
    %vpi_call/w 3 95 "$display", "FAIL" {0 0 0};
T_3.4 ;
    %vpi_call/w 3 102 "$display", "TC3: Write 20,30,40" {0 0 0};
    %pushi/vec4 1, 0, 1;
    %store/vec4 v0x19a25610_0, 0, 1;
    %pushi/vec4 20, 0, 8;
    %store/vec4 v0x19a25130_0, 0, 8;
    %delay 10000, 0;
    %pushi/vec4 30, 0, 8;
    %store/vec4 v0x19a25130_0, 0, 8;
    %delay 10000, 0;
    %pushi/vec4 40, 0, 8;
    %store/vec4 v0x19a25130_0, 0, 8;
    %delay 10000, 0;
    %pushi/vec4 0, 0, 1;
    %store/vec4 v0x19a25610_0, 0, 1;
    %vpi_call/w 3 117 "$display", "FIFO contains 4 elements" {0 0 0};
    %vpi_call/w 3 124 "$display", "TC4: Read" {0 0 0};
    %pushi/vec4 1, 0, 1;
    %store/vec4 v0x19a25470_0, 0, 1;
    %delay 10000, 0;
    %pushi/vec4 0, 0, 1;
    %store/vec4 v0x19a25470_0, 0, 1;
    %vpi_call/w 3 132 "$display", "DATA OUT = %d", v0x19a25200_0 {0 0 0};
    %load/vec4 v0x19a25200_0;
    %cmpi/e 10, 0, 8;
    %jmp/0xz  T_3.5, 4;
    %vpi_call/w 3 135 "$display", "PASS: Correct data read" {0 0 0};
    %jmp T_3.6;
T_3.5 ;
    %vpi_call/w 3 137 "$display", "FAIL: Incorrect data" {0 0 0};
T_3.6 ;
    %vpi_call/w 3 144 "$display", "TC5: Simultaneous READ + WRITE" {0 0 0};
    %pushi/vec4 1, 0, 1;
    %store/vec4 v0x19a25610_0, 0, 1;
    %pushi/vec4 1, 0, 1;
    %store/vec4 v0x19a25470_0, 0, 1;
    %pushi/vec4 50, 0, 8;
    %store/vec4 v0x19a25130_0, 0, 8;
    %delay 10000, 0;
    %pushi/vec4 0, 0, 1;
    %store/vec4 v0x19a25610_0, 0, 1;
    %pushi/vec4 0, 0, 1;
    %store/vec4 v0x19a25470_0, 0, 1;
    %vpi_call/w 3 155 "$display", "DATA OUT = %d", v0x19a25200_0 {0 0 0};
    %vpi_call/w 3 162 "$display", "TC6: Filling FIFO" {0 0 0};
    %pushi/vec4 1, 0, 1;
    %store/vec4 v0x19a25610_0, 0, 1;
    %pushi/vec4 60, 0, 8;
    %store/vec4 v0x19a25130_0, 0, 8;
    %delay 10000, 0;
    %pushi/vec4 70, 0, 8;
    %store/vec4 v0x19a25130_0, 0, 8;
    %delay 10000, 0;
    %pushi/vec4 80, 0, 8;
    %store/vec4 v0x19a25130_0, 0, 8;
    %delay 10000, 0;
    %pushi/vec4 90, 0, 8;
    %store/vec4 v0x19a25130_0, 0, 8;
    %delay 10000, 0;
    %pushi/vec4 0, 0, 1;
    %store/vec4 v0x19a25610_0, 0, 1;
    %delay 5000, 0;
    %load/vec4 v0x19a253d0_0;
    %flag_set/vec4 8;
    %jmp/0xz  T_3.7, 8;
    %vpi_call/w 3 183 "$display", "PASS: FIFO is FULL" {0 0 0};
    %jmp T_3.8;
T_3.7 ;
    %vpi_call/w 3 185 "$display", "FAIL: FIFO should be FULL" {0 0 0};
T_3.8 ;
    %vpi_call/w 3 192 "$display", "TC7: Write while FULL" {0 0 0};
    %pushi/vec4 1, 0, 1;
    %store/vec4 v0x19a25610_0, 0, 1;
    %pushi/vec4 100, 0, 8;
    %store/vec4 v0x19a25130_0, 0, 8;
    %delay 10000, 0;
    %pushi/vec4 0, 0, 1;
    %store/vec4 v0x19a25610_0, 0, 1;
    %load/vec4 v0x19a253d0_0;
    %flag_set/vec4 8;
    %jmp/0xz  T_3.9, 8;
    %vpi_call/w 3 202 "$display", "PASS: FIFO remained FULL" {0 0 0};
    %jmp T_3.10;
T_3.9 ;
    %vpi_call/w 3 204 "$display", "FAIL" {0 0 0};
T_3.10 ;
    %vpi_call/w 3 211 "$display", "TC8: Emptying FIFO" {0 0 0};
    %pushi/vec4 1, 0, 1;
    %store/vec4 v0x19a25470_0, 0, 1;
    %pushi/vec4 8, 0, 32;
T_3.11 %dup/vec4;
    %pushi/vec4 0, 0, 32;
    %cmp/s;
    %jmp/1xz T_3.12, 5;
    %jmp/1 T_3.12, 4;
    %pushi/vec4 1, 0, 32;
    %sub;
    %delay 10000, 0;
    %vpi_call/w 3 219 "$display", "DATA OUT = %d", v0x19a25200_0 {0 0 0};
    %jmp T_3.11;
T_3.12 ;
    %pop/vec4 1;
    %pushi/vec4 0, 0, 1;
    %store/vec4 v0x19a25470_0, 0, 1;
    %delay 5000, 0;
    %load/vec4 v0x19a25300_0;
    %flag_set/vec4 8;
    %jmp/0xz  T_3.13, 8;
    %vpi_call/w 3 228 "$display", "PASS: FIFO is EMPTY again" {0 0 0};
    %jmp T_3.14;
T_3.13 ;
    %vpi_call/w 3 230 "$display", "FAIL: FIFO should be EMPTY" {0 0 0};
T_3.14 ;
    %vpi_call/w 3 237 "$display", "TC9: Read while EMPTY" {0 0 0};
    %pushi/vec4 1, 0, 1;
    %store/vec4 v0x19a25470_0, 0, 1;
    %delay 10000, 0;
    %pushi/vec4 0, 0, 1;
    %store/vec4 v0x19a25470_0, 0, 1;
    %load/vec4 v0x19a25300_0;
    %flag_set/vec4 8;
    %jmp/0xz  T_3.15, 8;
    %vpi_call/w 3 246 "$display", "PASS: FIFO remained EMPTY" {0 0 0};
    %jmp T_3.16;
T_3.15 ;
    %vpi_call/w 3 248 "$display", "FAIL" {0 0 0};
T_3.16 ;
    %delay 20000, 0;
    %vpi_call/w 3 257 "$display", "--------------------------------" {0 0 0};
    %vpi_call/w 3 258 "$display", "      TESTBENCH COMPLETE" {0 0 0};
    %vpi_call/w 3 259 "$display", "--------------------------------" {0 0 0};
    %vpi_call/w 3 261 "$finish" {0 0 0};
    %end;
    .thread T_3;
# The file index is used to find the file name in the following table.
:file_names 5;
    "N/A";
    "<interactive>";
    "-";
    "testbench.sv";
    "design.sv";
